
#line 0 "speller.icn"
procedure spell(n);
local m;
(n,((n)integer,((n)image," is not an integer")stop)|):=;
if (n,12)<= then return {
("0zero,1one,2two,3three,4four,5five,6six,7seven,8eight,9nine,10ten,11eleven,12twelve,",{
((n)find)tab;
((n)*)move;
((",")upto)tab
})?
} 

else if (n,19)<= then return {
(((n[2],"0")||)spell,((if ("for")= 
then "four" else (("ty")find)tab),"teen")||)?
} 
else if (n,99)<= then return {
("2twen,3thir,4for,5fif,6six,7seven,8eigh,9nine,",{
((n[1])upto)tab;
(1)move;
((((",")upto)tab,"ty")||,if (n[2],0)~= 
then ("-",(n[2])spell)||)||
})?
} 
else if (n,999)<= then return {
(((n[1])spell," hundred")||,(if (((m,n[2:0]):=),0)~= 
then (" and ",(m)spell)|| else ""))||
} 
else if (n,999999)<= then return {
(((n[1:(3)-])spell," thousand")||,(if (((m,n[2:0]):=),0)~= 
then (" and ",(m)spell)|| else ""))||
} 
else if (n,999999999)<= then return {
(((n[1:(6)-])spell," million")||,(if (((m,n[2:0]):=),0)~= 
then (" and ",(m)spell)|| else ""))||
} 
else fail;
end

procedure spellw(n);
(n,"	",(n)spell)write;
return ;
end

procedure main();
every (1 to 25)spellw;
every (30 to 110 by 3)spellw;
(945123342)spellw;
every (10000000 to 10000500 by 7)spellw;
end
