0
3
6
9
12
16
19
22
25
29
32
35
38
41
45
48
51
54
58
61
64
67
70
74
77
80
83
87
90
93
96
99
103
106
109
112
116
119
122
125
129
132
135
138
141
145
148
151
154
158
161
164
167
170
174
177
180
183
187
190
193
196
199
203
206
209
212
216
219
222
225
229
232
235
238
241
245
248
251
254
258
261
264
267
270
274
277
280
283
287
290
293
296
299
303
306
309
312
316
319
collecting ...
