Icon Interpreter Version 9.1.  November 21, 1995
hawk.CS.Arizona.EDU
UNIX
interpreted
ASCII
co-expressions
direct execution
dynamic loading
environment variables
external functions
keyboard functions
large integers
pipes
string invocation
system function
graphics
X Windows
