Icon Compiler Version 9.1.  November 21, 1995
hawk.CS.Arizona.EDU
UNIX
compiled
ASCII
co-expressions
direct execution
dynamic loading
environment variables
external functions
keyboard functions
pipes
string invocation
system function
graphics
X Windows
